OpenMPI binding probes; each rank requests the threads used by its layout.

combo=1x16
[jupyter-pengyuw:00278] MCW rank 0 bound to socket 0[core 0[hwt 0-1]], socket 0[core 1[hwt 0-1]], socket 0[core 2[hwt 0-1]], socket 0[core 3[hwt 0-1]], socket 0[core 4[hwt 0-1]], socket 0[core 5[hwt 0-1]], socket 0[core 6[hwt 0-1]], socket 0[core 7[hwt 0-1]], socket 0[core 8[hwt 0-1]], socket 0[core 9[hwt 0-1]], socket 0[core 10[hwt 0-1]], socket 0[core 11[hwt 0-1]], socket 0[core 12[hwt 0-1]], socket 0[core 13[hwt 0-1]], socket 0[core 14[hwt 0-1]], socket 0[core 15[hwt 0-1]]: [BB/BB/BB/BB/BB/BB/BB/BB/BB/BB/BB/BB/BB/BB/BB/BB/../../../../../../../../../../../../../../../../../../../../../../../../../../../../../../../../../../../../../../../..][../../../../../../../../../../../../../../../../../../../../../../../../../../../../../../../../../../../../../../../../../../../../../../../../../../../../../../../..]
jupyter-pengyuw

combo=4x4
jupyter-pengyuw
jupyter-pengyuw
jupyter-pengyuw
[jupyter-pengyuw:00283] MCW rank 1 bound to socket 0[core 4[hwt 0-1]], socket 0[core 5[hwt 0-1]], socket 0[core 6[hwt 0-1]], socket 0[core 7[hwt 0-1]]: [../../../../BB/BB/BB/BB/../../../../../../../../../../../../../../../../../../../../../../../../../../../../../../../../../../../../../../../../../../../../../../../..][../../../../../../../../../../../../../../../../../../../../../../../../../../../../../../../../../../../../../../../../../../../../../../../../../../../../../../../..]
[jupyter-pengyuw:00283] MCW rank 2 bound to socket 0[core 8[hwt 0-1]], socket 0[core 9[hwt 0-1]], socket 0[core 10[hwt 0-1]], socket 0[core 11[hwt 0-1]]: [../../../../../../../../BB/BB/BB/BB/../../../../../../../../../../../../../../../../../../../../../../../../../../../../../../../../../../../../../../../../../../../..][../../../../../../../../../../../../../../../../../../../../../../../../../../../../../../../../../../../../../../../../../../../../../../../../../../../../../../../..]
[jupyter-pengyuw:00283] MCW rank 3 bound to socket 0[core 12[hwt 0-1]], socket 0[core 13[hwt 0-1]], socket 0[core 14[hwt 0-1]], socket 0[core 15[hwt 0-1]]: [../../../../../../../../../../../../BB/BB/BB/BB/../../../../../../../../../../../../../../../../../../../../../../../../../../../../../../../../../../../../../../../..][../../../../../../../../../../../../../../../../../../../../../../../../../../../../../../../../../../../../../../../../../../../../../../../../../../../../../../../..]
[jupyter-pengyuw:00283] MCW rank 0 bound to socket 0[core 0[hwt 0-1]], socket 0[core 1[hwt 0-1]], socket 0[core 2[hwt 0-1]], socket 0[core 3[hwt 0-1]]: [BB/BB/BB/BB/../../../../../../../../../../../../../../../../../../../../../../../../../../../../../../../../../../../../../../../../../../../../../../../../../../../..][../../../../../../../../../../../../../../../../../../../../../../../../../../../../../../../../../../../../../../../../../../../../../../../../../../../../../../../..]
jupyter-pengyuw

combo=16x1
jupyter-pengyuw
jupyter-pengyuw
jupyter-pengyuw
jupyter-pengyuw
jupyter-pengyuw
jupyter-pengyuw
jupyter-pengyuw
jupyter-pengyuw
jupyter-pengyuw
jupyter-pengyuw
jupyter-pengyuw
jupyter-pengyuw
jupyter-pengyuw
jupyter-pengyuw
jupyter-pengyuw
jupyter-pengyuw
[jupyter-pengyuw:00291] MCW rank 0 bound to socket 0[core 0[hwt 0-1]]: [BB/../../../../../../../../../../../../../../../../../../../../../../../../../../../../../../../../../../../../../../../../../../../../../../../../../../../../../../..][../../../../../../../../../../../../../../../../../../../../../../../../../../../../../../../../../../../../../../../../../../../../../../../../../../../../../../../..]
[jupyter-pengyuw:00291] MCW rank 1 bound to socket 0[core 1[hwt 0-1]]: [../BB/../../../../../../../../../../../../../../../../../../../../../../../../../../../../../../../../../../../../../../../../../../../../../../../../../../../../../..][../../../../../../../../../../../../../../../../../../../../../../../../../../../../../../../../../../../../../../../../../../../../../../../../../../../../../../../..]
[jupyter-pengyuw:00291] MCW rank 2 bound to socket 0[core 2[hwt 0-1]]: [../../BB/../../../../../../../../../../../../../../../../../../../../../../../../../../../../../../../../../../../../../../../../../../../../../../../../../../../../..][../../../../../../../../../../../../../../../../../../../../../../../../../../../../../../../../../../../../../../../../../../../../../../../../../../../../../../../..]
[jupyter-pengyuw:00291] MCW rank 3 bound to socket 0[core 3[hwt 0-1]]: [../../../BB/../../../../../../../../../../../../../../../../../../../../../../../../../../../../../../../../../../../../../../../../../../../../../../../../../../../..][../../../../../../../../../../../../../../../../../../../../../../../../../../../../../../../../../../../../../../../../../../../../../../../../../../../../../../../..]
[jupyter-pengyuw:00291] MCW rank 4 bound to socket 0[core 4[hwt 0-1]]: [../../../../BB/../../../../../../../../../../../../../../../../../../../../../../../../../../../../../../../../../../../../../../../../../../../../../../../../../../..][../../../../../../../../../../../../../../../../../../../../../../../../../../../../../../../../../../../../../../../../../../../../../../../../../../../../../../../..]
[jupyter-pengyuw:00291] MCW rank 5 bound to socket 0[core 5[hwt 0-1]]: [../../../../../BB/../../../../../../../../../../../../../../../../../../../../../../../../../../../../../../../../../../../../../../../../../../../../../../../../../..][../../../../../../../../../../../../../../../../../../../../../../../../../../../../../../../../../../../../../../../../../../../../../../../../../../../../../../../..]
[jupyter-pengyuw:00291] MCW rank 6 bound to socket 0[core 6[hwt 0-1]]: [../../../../../../BB/../../../../../../../../../../../../../../../../../../../../../../../../../../../../../../../../../../../../../../../../../../../../../../../../..][../../../../../../../../../../../../../../../../../../../../../../../../../../../../../../../../../../../../../../../../../../../../../../../../../../../../../../../..]
[jupyter-pengyuw:00291] MCW rank 7 bound to socket 0[core 7[hwt 0-1]]: [../../../../../../../BB/../../../../../../../../../../../../../../../../../../../../../../../../../../../../../../../../../../../../../../../../../../../../../../../..][../../../../../../../../../../../../../../../../../../../../../../../../../../../../../../../../../../../../../../../../../../../../../../../../../../../../../../../..]
[jupyter-pengyuw:00291] MCW rank 8 bound to socket 0[core 8[hwt 0-1]]: [../../../../../../../../BB/../../../../../../../../../../../../../../../../../../../../../../../../../../../../../../../../../../../../../../../../../../../../../../..][../../../../../../../../../../../../../../../../../../../../../../../../../../../../../../../../../../../../../../../../../../../../../../../../../../../../../../../..]
[jupyter-pengyuw:00291] MCW rank 9 bound to socket 0[core 9[hwt 0-1]]: [../../../../../../../../../BB/../../../../../../../../../../../../../../../../../../../../../../../../../../../../../../../../../../../../../../../../../../../../../..][../../../../../../../../../../../../../../../../../../../../../../../../../../../../../../../../../../../../../../../../../../../../../../../../../../../../../../../..]
[jupyter-pengyuw:00291] MCW rank 10 bound to socket 0[core 10[hwt 0-1]]: [../../../../../../../../../../BB/../../../../../../../../../../../../../../../../../../../../../../../../../../../../../../../../../../../../../../../../../../../../..][../../../../../../../../../../../../../../../../../../../../../../../../../../../../../../../../../../../../../../../../../../../../../../../../../../../../../../../..]
[jupyter-pengyuw:00291] MCW rank 11 bound to socket 0[core 11[hwt 0-1]]: [../../../../../../../../../../../BB/../../../../../../../../../../../../../../../../../../../../../../../../../../../../../../../../../../../../../../../../../../../..][../../../../../../../../../../../../../../../../../../../../../../../../../../../../../../../../../../../../../../../../../../../../../../../../../../../../../../../..]
[jupyter-pengyuw:00291] MCW rank 12 bound to socket 0[core 12[hwt 0-1]]: [../../../../../../../../../../../../BB/../../../../../../../../../../../../../../../../../../../../../../../../../../../../../../../../../../../../../../../../../../..][../../../../../../../../../../../../../../../../../../../../../../../../../../../../../../../../../../../../../../../../../../../../../../../../../../../../../../../..]
[jupyter-pengyuw:00291] MCW rank 13 bound to socket 0[core 13[hwt 0-1]]: [../../../../../../../../../../../../../BB/../../../../../../../../../../../../../../../../../../../../../../../../../../../../../../../../../../../../../../../../../..][../../../../../../../../../../../../../../../../../../../../../../../../../../../../../../../../../../../../../../../../../../../../../../../../../../../../../../../..]
[jupyter-pengyuw:00291] MCW rank 14 bound to socket 0[core 14[hwt 0-1]]: [../../../../../../../../../../../../../../BB/../../../../../../../../../../../../../../../../../../../../../../../../../../../../../../../../../../../../../../../../..][../../../../../../../../../../../../../../../../../../../../../../../../../../../../../../../../../../../../../../../../../../../../../../../../../../../../../../../..]
[jupyter-pengyuw:00291] MCW rank 15 bound to socket 0[core 15[hwt 0-1]]: [../../../../../../../../../../../../../../../BB/../../../../../../../../../../../../../../../../../../../../../../../../../../../../../../../../../../../../../../../..][../../../../../../../../../../../../../../../../../../../../../../../../../../../../../../../../../../../../../../../../../../../../../../../../../../../../../../../..]
